V3 101
FL /home/ise/Xilinx/submission_template/submit/rcs2/addop.vhd 2023/11/24.12:45:16 P.20131013
FL /home/ise/Xilinx/submission_template/submit/rcs2/clockedround.vhd 2024/01/03.20:24:40 P.20131013
FL /home/ise/Xilinx/submission_template/submit/rcs2/control.vhd 2024/01/02.21:09:39 P.20131013
FL /home/ise/Xilinx/submission_template/submit/rcs2/datapath.vhd 2024/01/03.22:56:10 P.20131013
FL /home/ise/Xilinx/submission_template/submit/rcs2/idea_rcs2.vhd 2024/01/03.21:31:32 P.20131013
FL /home/ise/Xilinx/submission_template/submit/rcs2/keygenerator.vhd 2024/01/03.20:12:57 P.20131013
FL /home/ise/Xilinx/submission_template/submit/rcs2/mulop.vhd 2023/11/23.15:09:39 P.20131013
FL /home/ise/Xilinx/submission_template/submit/rcs2/mux2x1.vhd 2023/12/08.21:22:55 P.20131013
FL /home/ise/Xilinx/submission_template/submit/rcs2/mux4x1.vhd 2024/01/02.09:48:11 P.20131013
FL /home/ise/Xilinx/submission_template/submit/rcs2/register16.vhd 2024/01/03.20:43:59 P.20131013
FL /home/ise/Xilinx/submission_template/submit/rcs2/roundcounter.vhd 2024/01/02.21:16:58 P.20131013
FL /home/ise/Xilinx/submission_template/submit/rcs2/xorop.vhd 2023/11/15.14:28:22 P.20131013
FL /nas/ei/home/ge34gak/VHDL/VHDL-Lab-Code-main/rcs2/addop.vhd 2024/01/25.13:18:20 P.20131013
EN work/addop 1706275513 \
      FL /nas/ei/home/ge34gak/VHDL/VHDL-Lab-Code-main/rcs2/addop.vhd \
      PB ieee/std_logic_1164 1381692176 PB ieee/std_logic_arith 1381692177 \
      PB ieee/STD_LOGIC_UNSIGNED 1381692179 PB ieee/NUMERIC_STD 1381692181
AR work/addop/Behavioral 1706275514 \
      FL /nas/ei/home/ge34gak/VHDL/VHDL-Lab-Code-main/rcs2/addop.vhd \
      EN work/addop 1706275513
FL /nas/ei/home/ge34gak/VHDL/VHDL-Lab-Code-main/rcs2/clk_div.vhd 2024/01/25.13:18:20 P.20131013
EN work/clk_div 1706275535 \
      FL /nas/ei/home/ge34gak/VHDL/VHDL-Lab-Code-main/rcs2/clk_div.vhd \
      PB ieee/std_logic_1164 1381692176 PB ieee/std_logic_arith 1381692177 \
      PB ieee/STD_LOGIC_UNSIGNED 1381692179
AR work/clk_div/Behavioral 1706275536 \
      FL /nas/ei/home/ge34gak/VHDL/VHDL-Lab-Code-main/rcs2/clk_div.vhd \
      EN work/clk_div 1706275535
FL /nas/ei/home/ge34gak/VHDL/VHDL-Lab-Code-main/rcs2/clockedround.vhd 2024/01/25.13:18:20 P.20131013
EN work/clockedround 1706275523 \
      FL /nas/ei/home/ge34gak/VHDL/VHDL-Lab-Code-main/rcs2/clockedround.vhd \
      PB ieee/std_logic_1164 1381692176
AR work/clockedround/Structural 1706275524 \
      FL /nas/ei/home/ge34gak/VHDL/VHDL-Lab-Code-main/rcs2/clockedround.vhd \
      EN work/clockedround 1706275523 CP datapath CP control
FL /nas/ei/home/ge34gak/VHDL/VHDL-Lab-Code-main/rcs2/control.vhd 2024/01/26.14:17:24 P.20131013
EN work/control 1706275517 \
      FL /nas/ei/home/ge34gak/VHDL/VHDL-Lab-Code-main/rcs2/control.vhd \
      PB ieee/std_logic_1164 1381692176 PB ieee/STD_LOGIC_UNSIGNED 1381692179
AR work/control/Behavioral 1706275518 \
      FL /nas/ei/home/ge34gak/VHDL/VHDL-Lab-Code-main/rcs2/control.vhd \
      EN work/control 1706275517
FL /nas/ei/home/ge34gak/VHDL/VHDL-Lab-Code-main/rcs2/datapath.vhd 2024/01/26.13:21:32 P.20131013
EN work/datapath 1706275515 \
      FL /nas/ei/home/ge34gak/VHDL/VHDL-Lab-Code-main/rcs2/datapath.vhd \
      PB ieee/std_logic_1164 1381692176
AR work/datapath/Behavioral 1706275516 \
      FL /nas/ei/home/ge34gak/VHDL/VHDL-Lab-Code-main/rcs2/datapath.vhd \
      EN work/datapath 1706275515 CP mux4x1 CP mulop CP register16 CP xorop CP addop
FL /nas/ei/home/ge34gak/VHDL/VHDL-Lab-Code-main/rcs2/idea_com.vhd 2024/01/25.13:18:20 P.20131013
EN work/idea_com 1706275539 \
      FL /nas/ei/home/ge34gak/VHDL/VHDL-Lab-Code-main/rcs2/idea_com.vhd \
      PB ieee/std_logic_1164 1381692176 PB ieee/std_logic_arith 1381692177 \
      PB ieee/STD_LOGIC_UNSIGNED 1381692179
AR work/idea_com/Behavioral 1706275540 \
      FL /nas/ei/home/ge34gak/VHDL/VHDL-Lab-Code-main/rcs2/idea_com.vhd \
      EN work/idea_com 1706275539 CP clk_div CP idea_com_inner
FL /nas/ei/home/ge34gak/VHDL/VHDL-Lab-Code-main/rcs2/idea_com_inner.vhd 2024/01/25.13:18:20 P.20131013
EN work/idea_com_inner 1706275537 \
      FL /nas/ei/home/ge34gak/VHDL/VHDL-Lab-Code-main/rcs2/idea_com_inner.vhd \
      PB ieee/std_logic_1164 1381692176 PB ieee/std_logic_arith 1381692177 \
      PB ieee/STD_LOGIC_UNSIGNED 1381692179
AR work/idea_com_inner/Behavioral 1706275538 \
      FL /nas/ei/home/ge34gak/VHDL/VHDL-Lab-Code-main/rcs2/idea_com_inner.vhd \
      EN work/idea_com_inner 1706275537 CP uart CP idea_rcs2 CP mux2x1
FL /nas/ei/home/ge34gak/VHDL/VHDL-Lab-Code-main/rcs2/idea_rcs2.vhd 2024/01/25.13:18:20 P.20131013
EN work/idea_rcs2 1706275533 \
      FL /nas/ei/home/ge34gak/VHDL/VHDL-Lab-Code-main/rcs2/idea_rcs2.vhd \
      PB ieee/std_logic_1164 1381692176
AR work/idea_rcs2/Structural 1706275534 \
      FL /nas/ei/home/ge34gak/VHDL/VHDL-Lab-Code-main/rcs2/idea_rcs2.vhd \
      EN work/idea_rcs2 1706275533 CP mux2x1 CP register16 CP keygenerator \
      CP clockedround CP roundcounter
FL /nas/ei/home/ge34gak/VHDL/VHDL-Lab-Code-main/rcs2/keygenerator.vhd 2024/01/25.13:18:20 P.20131013
EN work/keygenerator 1706275521 \
      FL /nas/ei/home/ge34gak/VHDL/VHDL-Lab-Code-main/rcs2/keygenerator.vhd \
      PB ieee/std_logic_1164 1381692176
AR work/keygenerator/Behavioral 1706275522 \
      FL /nas/ei/home/ge34gak/VHDL/VHDL-Lab-Code-main/rcs2/keygenerator.vhd \
      EN work/keygenerator 1706275521
FL /nas/ei/home/ge34gak/VHDL/VHDL-Lab-Code-main/rcs2/mulop.vhd 2024/01/25.13:18:20 P.20131013
EN work/mulop 1706275507 \
      FL /nas/ei/home/ge34gak/VHDL/VHDL-Lab-Code-main/rcs2/mulop.vhd \
      PB ieee/std_logic_1164 1381692176 PB ieee/STD_LOGIC_UNSIGNED 1381692179
AR work/mulop/Behavioral 1706275508 \
      FL /nas/ei/home/ge34gak/VHDL/VHDL-Lab-Code-main/rcs2/mulop.vhd \
      EN work/mulop 1706275507
FL /nas/ei/home/ge34gak/VHDL/VHDL-Lab-Code-main/rcs2/mux2x1.vhd 2024/01/25.13:18:20 P.20131013
EN work/mux2x1 1706275519 \
      FL /nas/ei/home/ge34gak/VHDL/VHDL-Lab-Code-main/rcs2/mux2x1.vhd \
      PB ieee/std_logic_1164 1381692176
AR work/mux2x1/Behavioral 1706275520 \
      FL /nas/ei/home/ge34gak/VHDL/VHDL-Lab-Code-main/rcs2/mux2x1.vhd \
      EN work/mux2x1 1706275519
FL /nas/ei/home/ge34gak/VHDL/VHDL-Lab-Code-main/rcs2/mux4x1.vhd 2024/01/25.13:18:20 P.20131013
EN work/mux4x1 1706275505 \
      FL /nas/ei/home/ge34gak/VHDL/VHDL-Lab-Code-main/rcs2/mux4x1.vhd \
      PB ieee/std_logic_1164 1381692176
AR work/mux4x1/Behavioral 1706275506 \
      FL /nas/ei/home/ge34gak/VHDL/VHDL-Lab-Code-main/rcs2/mux4x1.vhd \
      EN work/mux4x1 1706275505
FL /nas/ei/home/ge34gak/VHDL/VHDL-Lab-Code-main/rcs2/register16.vhd 2024/01/25.13:18:20 P.20131013
EN work/register16 1706275509 \
      FL /nas/ei/home/ge34gak/VHDL/VHDL-Lab-Code-main/rcs2/register16.vhd \
      PB ieee/std_logic_1164 1381692176
AR work/register16/Behavioral 1706275510 \
      FL /nas/ei/home/ge34gak/VHDL/VHDL-Lab-Code-main/rcs2/register16.vhd \
      EN work/register16 1706275509
FL /nas/ei/home/ge34gak/VHDL/VHDL-Lab-Code-main/rcs2/roundcounter.vhd 2024/01/26.14:24:52 P.20131013
EN work/roundcounter 1706275525 \
      FL /nas/ei/home/ge34gak/VHDL/VHDL-Lab-Code-main/rcs2/roundcounter.vhd \
      PB ieee/std_logic_1164 1381692176 PB ieee/STD_LOGIC_UNSIGNED 1381692179
AR work/roundcounter/Behavioral 1706275526 \
      FL /nas/ei/home/ge34gak/VHDL/VHDL-Lab-Code-main/rcs2/roundcounter.vhd \
      EN work/roundcounter 1706275525
FL /nas/ei/home/ge34gak/VHDL/VHDL-Lab-Code-main/rcs2/rxcver.vhd 2024/01/25.13:18:20 P.20131013
EN work/rxcver 1706275529 \
      FL /nas/ei/home/ge34gak/VHDL/VHDL-Lab-Code-main/rcs2/rxcver.vhd \
      PB ieee/std_logic_1164 1381692176 PB ieee/std_logic_arith 1381692177 \
      PB ieee/std_logic_misc 1381692178 PB ieee/STD_LOGIC_UNSIGNED 1381692179
AR work/rxcver/behavior 1706275530 \
      FL /nas/ei/home/ge34gak/VHDL/VHDL-Lab-Code-main/rcs2/rxcver.vhd \
      EN work/rxcver 1706275529
FL /nas/ei/home/ge34gak/VHDL/VHDL-Lab-Code-main/rcs2/txmit.vhd 2024/01/25.13:18:20 P.20131013
EN work/txmit 1706275527 \
      FL /nas/ei/home/ge34gak/VHDL/VHDL-Lab-Code-main/rcs2/txmit.vhd \
      PB ieee/std_logic_1164 1381692176 PB ieee/std_logic_arith 1381692177 \
      PB ieee/std_logic_misc 1381692178 PB ieee/STD_LOGIC_UNSIGNED 1381692179
AR work/txmit/behavior 1706275528 \
      FL /nas/ei/home/ge34gak/VHDL/VHDL-Lab-Code-main/rcs2/txmit.vhd \
      EN work/txmit 1706275527
FL /nas/ei/home/ge34gak/VHDL/VHDL-Lab-Code-main/rcs2/uart.vhd 2024/01/25.13:18:20 P.20131013
EN work/uart 1706275531 \
      FL /nas/ei/home/ge34gak/VHDL/VHDL-Lab-Code-main/rcs2/uart.vhd \
      PB ieee/std_logic_1164 1381692176 PB ieee/std_logic_arith 1381692177 \
      PB ieee/std_logic_misc 1381692178 PB ieee/STD_LOGIC_UNSIGNED 1381692179
AR work/uart/behavior 1706275532 \
      FL /nas/ei/home/ge34gak/VHDL/VHDL-Lab-Code-main/rcs2/uart.vhd EN work/uart 1706275531 \
      CP txmit CP rxcver
FL /nas/ei/home/ge34gak/VHDL/VHDL-Lab-Code-main/rcs2/xorop.vhd 2024/01/25.13:18:20 P.20131013
EN work/xorop 1706275511 \
      FL /nas/ei/home/ge34gak/VHDL/VHDL-Lab-Code-main/rcs2/xorop.vhd \
      PB ieee/std_logic_1164 1381692176
AR work/xorop/Behavioral 1706275512 \
      FL /nas/ei/home/ge34gak/VHDL/VHDL-Lab-Code-main/rcs2/xorop.vhd \
      EN work/xorop 1706275511
FL "/nas/lrz/home/ge34gak/VHDL Pratikum/rcs2/addop.vhd" 2023/11/24.13:45:16 P.20131013
FL "/nas/lrz/home/ge34gak/VHDL Pratikum/rcs2/clk_div.vhd" 2016/04/20.11:48:16 P.20131013
FL "/nas/lrz/home/ge34gak/VHDL Pratikum/rcs2/clockedround.vhd" 2024/01/03.21:24:42 P.20131013
FL "/nas/lrz/home/ge34gak/VHDL Pratikum/rcs2/control.vhd" 2024/01/19.13:19:02 P.20131013
FL "/nas/lrz/home/ge34gak/VHDL Pratikum/rcs2/datapath.vhd" 2024/01/04.10:04:56 P.20131013
FL "/nas/lrz/home/ge34gak/VHDL Pratikum/rcs2/idea_com.vhd" 2016/04/20.11:48:16 P.20131013
FL "/nas/lrz/home/ge34gak/VHDL Pratikum/rcs2/idea_com_inner.vhd" 2017/10/18.17:29:02 P.20131013
FL "/nas/lrz/home/ge34gak/VHDL Pratikum/rcs2/idea_rcs2.vhd" 2024/01/19.13:32:13 P.20131013
FL "/nas/lrz/home/ge34gak/VHDL Pratikum/rcs2/keygenerator.vhd" 2024/01/03.21:12:58 P.20131013
FL "/nas/lrz/home/ge34gak/VHDL Pratikum/rcs2/mulop.vhd" 2023/11/23.16:09:40 P.20131013
FL "/nas/lrz/home/ge34gak/VHDL Pratikum/rcs2/mux2x1.vhd" 2023/12/08.22:22:56 P.20131013
FL "/nas/lrz/home/ge34gak/VHDL Pratikum/rcs2/mux4x1.vhd" 2024/01/02.10:48:12 P.20131013
FL "/nas/lrz/home/ge34gak/VHDL Pratikum/rcs2/register16.vhd" 2024/01/03.21:44:00 P.20131013
FL "/nas/lrz/home/ge34gak/VHDL Pratikum/rcs2/roundcounter.vhd" 2024/01/02.22:17:00 P.20131013
FL "/nas/lrz/home/ge34gak/VHDL Pratikum/rcs2/rxcver.vhd" 2016/04/20.11:48:16 P.20131013
FL "/nas/lrz/home/ge34gak/VHDL Pratikum/rcs2/txmit.vhd" 2016/04/20.11:48:16 P.20131013
FL "/nas/lrz/home/ge34gak/VHDL Pratikum/rcs2/uart.vhd" 2016/04/20.11:48:16 P.20131013
FL "/nas/lrz/home/ge34gak/VHDL Pratikum/rcs2/xorop.vhd" 2023/11/15.15:28:22 P.20131013
