EN rxcver NULL /home/ise/Xilinx/submission_template/submit/selected_files_2023128_16849/rcs1/rxcver.vhd sub00/vhpl20 1702514467
AR keygenerator behavioral /home/ise/Xilinx/submission_template/submit/selected_files_2023128_16849/rcs1/keygenerator.vhd sub00/vhpl01 1702514464
AR idea_com_inner behavioral /home/ise/Xilinx/submission_template/submit/selected_files_2023128_16849/rcs1/idea_com_inner.vhd sub00/vhpl29 1702514476
AR clk_div behavioral /home/ise/Xilinx/submission_template/submit/selected_files_2023128_16849/rcs1/clk_div.vhd sub00/vhpl27 1702514474
AR addop behavioral /home/ise/Xilinx/submission_template/submit/selected_files_2023128_16849/rcs1/addop.vhd sub00/vhpl07 1702514450
EN mulop NULL /home/ise/Xilinx/submission_template/submit/selected_files_2023128_16849/rcs1/mulop.vhd sub00/vhpl04 1702514447
EN trafo NULL /home/ise/Xilinx/submission_template/submit/selected_files_2023128_16849/rcs1/trafo.vhd sub00/vhpl16 1702514459
AR round behavioral /home/ise/Xilinx/submission_template/submit/selected_files_2023128_16849/rcs1/round.vhd sub00/vhpl13 1702514456
EN addop NULL /home/ise/Xilinx/submission_template/submit/selected_files_2023128_16849/rcs1/addop.vhd sub00/vhpl06 1702514449
EN mux2x1 NULL /home/ise/Xilinx/submission_template/submit/selected_files_2023128_16849/rcs1/mux2x1.vhd sub00/vhpl10 1702514453
AR mux2x1 behavioral /home/ise/Xilinx/submission_template/submit/selected_files_2023128_16849/rcs1/mux2x1.vhd sub00/vhpl11 1702514454
AR trafo behavioral /home/ise/Xilinx/submission_template/submit/selected_files_2023128_16849/rcs1/trafo.vhd sub00/vhpl17 1702514460
EN idea_com NULL /home/ise/Xilinx/submission_template/submit/selected_files_2023128_16849/rcs1/idea_com.vhd sub00/vhpl30 1702514477
EN register16 NULL /home/ise/Xilinx/submission_template/submit/selected_files_2023128_16849/rcs1/register16.vhd sub00/vhpl14 1702514457
AR uart behavior /home/ise/Xilinx/submission_template/submit/selected_files_2023128_16849/rcs1/uart.vhd sub00/vhpl23 1702514470
AR rxcver behavior /home/ise/Xilinx/submission_template/submit/selected_files_2023128_16849/rcs1/rxcver.vhd sub00/vhpl21 1702514468
AR register16 behavioral /home/ise/Xilinx/submission_template/submit/selected_files_2023128_16849/rcs1/register16.vhd sub00/vhpl15 1702514458
AR txmit behavior /home/ise/Xilinx/submission_template/submit/selected_files_2023128_16849/rcs1/txmit.vhd sub00/vhpl19 1702514466
EN round NULL /home/ise/Xilinx/submission_template/submit/selected_files_2023128_16849/rcs1/round.vhd sub00/vhpl12 1702514455
AR idea_com behavioral /home/ise/Xilinx/submission_template/submit/selected_files_2023128_16849/rcs1/idea_com.vhd sub00/vhpl31 1702514478
EN xorop NULL /home/ise/Xilinx/submission_template/submit/selected_files_2023128_16849/rcs1/xorop.vhd sub00/vhpl08 1702514451
EN control NULL /home/ise/Xilinx/submission_template/submit/selected_files_2023128_16849/rcs1/control.vhd sub00/vhpl02 1702514461
AR mulop behavioral /home/ise/Xilinx/submission_template/submit/selected_files_2023128_16849/rcs1/mulop.vhd sub00/vhpl05 1702514448
EN txmit NULL /home/ise/Xilinx/submission_template/submit/selected_files_2023128_16849/rcs1/txmit.vhd sub00/vhpl18 1702514465
AR idea_single structural /home/ise/Xilinx/submission_template/submit/selected_files_2023128_16849/rcs1/idea_single.vhd sub00/vhpl25 1702514472
AR control behavioral /home/ise/Xilinx/submission_template/submit/selected_files_2023128_16849/rcs1/control.vhd sub00/vhpl03 1702514462
EN uart NULL /home/ise/Xilinx/submission_template/submit/selected_files_2023128_16849/rcs1/uart.vhd sub00/vhpl22 1702514469
EN clk_div NULL /home/ise/Xilinx/submission_template/submit/selected_files_2023128_16849/rcs1/clk_div.vhd sub00/vhpl26 1702514473
AR xorop behavioral /home/ise/Xilinx/submission_template/submit/selected_files_2023128_16849/rcs1/xorop.vhd sub00/vhpl09 1702514452
EN idea_single NULL /home/ise/Xilinx/submission_template/submit/selected_files_2023128_16849/rcs1/idea_single.vhd sub00/vhpl24 1702514471
EN keygenerator NULL /home/ise/Xilinx/submission_template/submit/selected_files_2023128_16849/rcs1/keygenerator.vhd sub00/vhpl00 1702514463
EN idea_com_inner NULL /home/ise/Xilinx/submission_template/submit/selected_files_2023128_16849/rcs1/idea_com_inner.vhd sub00/vhpl28 1702514475
