V3 63
FL /home/ise/Xilinx/submission_template/submit/selected_files_2023128_16849/rcs1/addop.vhd 2023/11/24.12:45:16 P.20131013
EN work/addop 1702514449 \
      FL /home/ise/Xilinx/submission_template/submit/selected_files_2023128_16849/rcs1/addop.vhd \
      PB ieee/std_logic_1164 1381692176 PB ieee/std_logic_arith 1381692177 \
      PB ieee/STD_LOGIC_UNSIGNED 1381692179 PB ieee/NUMERIC_STD 1381692181
AR work/addop/Behavioral 1702514450 \
      FL /home/ise/Xilinx/submission_template/submit/selected_files_2023128_16849/rcs1/addop.vhd \
      EN work/addop 1702514449
FL /home/ise/Xilinx/submission_template/submit/selected_files_2023128_16849/rcs1/clk_div.vhd 2023/12/08.15:08:50 P.20131013
EN work/clk_div 1702514473 \
      FL /home/ise/Xilinx/submission_template/submit/selected_files_2023128_16849/rcs1/clk_div.vhd \
      PB ieee/std_logic_1164 1381692176 PB ieee/std_logic_arith 1381692177 \
      PB ieee/STD_LOGIC_UNSIGNED 1381692179
AR work/clk_div/Behavioral 1702514474 \
      FL /home/ise/Xilinx/submission_template/submit/selected_files_2023128_16849/rcs1/clk_div.vhd \
      EN work/clk_div 1702514473
FL /home/ise/Xilinx/submission_template/submit/selected_files_2023128_16849/rcs1/control.vhd 2023/12/12.19:52:56 P.20131013
EN work/control 1702514461 \
      FL /home/ise/Xilinx/submission_template/submit/selected_files_2023128_16849/rcs1/control.vhd \
      PB ieee/std_logic_1164 1381692176
AR work/control/Behavioral 1702514462 \
      FL /home/ise/Xilinx/submission_template/submit/selected_files_2023128_16849/rcs1/control.vhd \
      EN work/control 1702514461
FL /home/ise/Xilinx/submission_template/submit/selected_files_2023128_16849/rcs1/idea_com.vhd 2023/12/08.15:08:50 P.20131013
EN work/idea_com 1702514477 \
      FL /home/ise/Xilinx/submission_template/submit/selected_files_2023128_16849/rcs1/idea_com.vhd \
      PB ieee/std_logic_1164 1381692176 PB ieee/std_logic_arith 1381692177 \
      PB ieee/STD_LOGIC_UNSIGNED 1381692179
AR work/idea_com/Behavioral 1702514478 \
      FL /home/ise/Xilinx/submission_template/submit/selected_files_2023128_16849/rcs1/idea_com.vhd \
      EN work/idea_com 1702514477 CP clk_div CP idea_com_inner
FL /home/ise/Xilinx/submission_template/submit/selected_files_2023128_16849/rcs1/idea_com_inner.vhd 2023/12/08.15:08:50 P.20131013
EN work/idea_com_inner 1702514475 \
      FL /home/ise/Xilinx/submission_template/submit/selected_files_2023128_16849/rcs1/idea_com_inner.vhd \
      PB ieee/std_logic_1164 1381692176 PB ieee/std_logic_arith 1381692177 \
      PB ieee/STD_LOGIC_UNSIGNED 1381692179
AR work/idea_com_inner/Behavioral 1702514476 \
      FL /home/ise/Xilinx/submission_template/submit/selected_files_2023128_16849/rcs1/idea_com_inner.vhd \
      EN work/idea_com_inner 1702514475 CP uart CP idea_single CP mux2x1
FL /home/ise/Xilinx/submission_template/submit/selected_files_2023128_16849/rcs1/idea_single.vhd 2023/12/12.21:46:11 P.20131013
EN work/idea_single 1702514471 \
      FL /home/ise/Xilinx/submission_template/submit/selected_files_2023128_16849/rcs1/idea_single.vhd \
      PB ieee/std_logic_1164 1381692176
AR work/idea_single/Structural 1702514472 \
      FL /home/ise/Xilinx/submission_template/submit/selected_files_2023128_16849/rcs1/idea_single.vhd \
      EN work/idea_single 1702514471 CP mux2x1 CP round CP register16 CP trafo \
      CP control CP keygenerator
FL /home/ise/Xilinx/submission_template/submit/selected_files_2023128_16849/rcs1/keygenerator.vhd 2023/12/12.21:12:20 P.20131013
EN work/keygenerator 1702514463 \
      FL /home/ise/Xilinx/submission_template/submit/selected_files_2023128_16849/rcs1/keygenerator.vhd \
      PB ieee/std_logic_1164 1381692176
AR work/keygenerator/Behavioral 1702514464 \
      FL /home/ise/Xilinx/submission_template/submit/selected_files_2023128_16849/rcs1/keygenerator.vhd \
      EN work/keygenerator 1702514463
FL /home/ise/Xilinx/submission_template/submit/selected_files_2023128_16849/rcs1/mulop.vhd 2023/11/23.15:09:39 P.20131013
EN work/mulop 1702514447 \
      FL /home/ise/Xilinx/submission_template/submit/selected_files_2023128_16849/rcs1/mulop.vhd \
      PB ieee/std_logic_1164 1381692176 PB ieee/STD_LOGIC_UNSIGNED 1381692179
AR work/mulop/Behavioral 1702514448 \
      FL /home/ise/Xilinx/submission_template/submit/selected_files_2023128_16849/rcs1/mulop.vhd \
      EN work/mulop 1702514447
FL /home/ise/Xilinx/submission_template/submit/selected_files_2023128_16849/rcs1/mux2x1.vhd 2023/12/08.21:22:55 P.20131013
EN work/mux2x1 1702514453 \
      FL /home/ise/Xilinx/submission_template/submit/selected_files_2023128_16849/rcs1/mux2x1.vhd \
      PB ieee/std_logic_1164 1381692176
AR work/mux2x1/Behavioral 1702514454 \
      FL /home/ise/Xilinx/submission_template/submit/selected_files_2023128_16849/rcs1/mux2x1.vhd \
      EN work/mux2x1 1702514453
FL /home/ise/Xilinx/submission_template/submit/selected_files_2023128_16849/rcs1/register16.vhd 2023/12/12.21:46:59 P.20131013
EN work/register16 1702514457 \
      FL /home/ise/Xilinx/submission_template/submit/selected_files_2023128_16849/rcs1/register16.vhd \
      PB ieee/std_logic_1164 1381692176
AR work/register16/Behavioral 1702514458 \
      FL /home/ise/Xilinx/submission_template/submit/selected_files_2023128_16849/rcs1/register16.vhd \
      EN work/register16 1702514457
FL /home/ise/Xilinx/submission_template/submit/selected_files_2023128_16849/rcs1/round.vhd 2023/11/24.13:59:12 P.20131013
EN work/round 1702514455 \
      FL /home/ise/Xilinx/submission_template/submit/selected_files_2023128_16849/rcs1/round.vhd \
      PB ieee/std_logic_1164 1381692176
AR work/round/Behavioral 1702514456 \
      FL /home/ise/Xilinx/submission_template/submit/selected_files_2023128_16849/rcs1/round.vhd \
      EN work/round 1702514455 CP mulop CP addop CP xorop
FL /home/ise/Xilinx/submission_template/submit/selected_files_2023128_16849/rcs1/rxcver.vhd 2023/12/08.15:08:50 P.20131013
EN work/rxcver 1702514467 \
      FL /home/ise/Xilinx/submission_template/submit/selected_files_2023128_16849/rcs1/rxcver.vhd \
      PB ieee/std_logic_1164 1381692176 PB ieee/std_logic_arith 1381692177 \
      PB ieee/std_logic_misc 1381692178 PB ieee/STD_LOGIC_UNSIGNED 1381692179
AR work/rxcver/behavior 1702514468 \
      FL /home/ise/Xilinx/submission_template/submit/selected_files_2023128_16849/rcs1/rxcver.vhd \
      EN work/rxcver 1702514467
FL /home/ise/Xilinx/submission_template/submit/selected_files_2023128_16849/rcs1/trafo.vhd 2023/11/23.11:17:00 P.20131013
EN work/trafo 1702514459 \
      FL /home/ise/Xilinx/submission_template/submit/selected_files_2023128_16849/rcs1/trafo.vhd \
      PB ieee/std_logic_1164 1381692176
AR work/trafo/Behavioral 1702514460 \
      FL /home/ise/Xilinx/submission_template/submit/selected_files_2023128_16849/rcs1/trafo.vhd \
      EN work/trafo 1702514459 CP mulop CP addop
FL /home/ise/Xilinx/submission_template/submit/selected_files_2023128_16849/rcs1/txmit.vhd 2023/12/08.15:08:50 P.20131013
EN work/txmit 1702514465 \
      FL /home/ise/Xilinx/submission_template/submit/selected_files_2023128_16849/rcs1/txmit.vhd \
      PB ieee/std_logic_1164 1381692176 PB ieee/std_logic_arith 1381692177 \
      PB ieee/std_logic_misc 1381692178 PB ieee/STD_LOGIC_UNSIGNED 1381692179
AR work/txmit/behavior 1702514466 \
      FL /home/ise/Xilinx/submission_template/submit/selected_files_2023128_16849/rcs1/txmit.vhd \
      EN work/txmit 1702514465
FL /home/ise/Xilinx/submission_template/submit/selected_files_2023128_16849/rcs1/uart.vhd 2023/12/08.15:08:50 P.20131013
EN work/uart 1702514469 \
      FL /home/ise/Xilinx/submission_template/submit/selected_files_2023128_16849/rcs1/uart.vhd \
      PB ieee/std_logic_1164 1381692176 PB ieee/std_logic_arith 1381692177 \
      PB ieee/std_logic_misc 1381692178 PB ieee/STD_LOGIC_UNSIGNED 1381692179
AR work/uart/behavior 1702514470 \
      FL /home/ise/Xilinx/submission_template/submit/selected_files_2023128_16849/rcs1/uart.vhd \
      EN work/uart 1702514469 CP txmit CP rxcver
FL /home/ise/Xilinx/submission_template/submit/selected_files_2023128_16849/rcs1/xorop.vhd 2023/11/15.14:28:22 P.20131013
EN work/xorop 1702514451 \
      FL /home/ise/Xilinx/submission_template/submit/selected_files_2023128_16849/rcs1/xorop.vhd \
      PB ieee/std_logic_1164 1381692176
AR work/xorop/Behavioral 1702514452 \
      FL /home/ise/Xilinx/submission_template/submit/selected_files_2023128_16849/rcs1/xorop.vhd \
      EN work/xorop 1702514451
