EN rxcver NULL /nas/ei/home/ge34gak/VHDL/VHDL-Lab-Code-main/rcs2plus/rxcver.vhd sub00/vhpl24 1706278192
AR keygenerator behavioral /nas/ei/home/ge34gak/VHDL/VHDL-Lab-Code-main/rcs2plus/keygenerator.vhd sub00/vhpl17 1706278185
AR idea_com_inner behavioral /nas/ei/home/ge34gak/VHDL/VHDL-Lab-Code-main/rcs2plus/idea_com_inner.vhd sub00/vhpl33 1706278201
AR clk_div behavioral /nas/ei/home/ge34gak/VHDL/VHDL-Lab-Code-main/rcs2plus/clk_div.vhd sub00/vhpl31 1706278199
EN roundcounter NULL /nas/ei/home/ge34gak/VHDL/VHDL-Lab-Code-main/rcs2plus/roundcounter.vhd sub00/vhpl20 1706278188
AR addop behavioral /nas/ei/home/ge34gak/VHDL/VHDL-Lab-Code-main/rcs2plus/addop.vhd sub00/vhpl09 1706278177
EN mulop NULL /nas/ei/home/ge34gak/VHDL/VHDL-Lab-Code-main/rcs2plus/mulop.vhd sub00/vhpl02 1706278170
AR idea_rcs2 structural /nas/ei/home/ge34gak/VHDL/VHDL-Lab-Code-main/rcs2plus/idea_rcs2.vhd sub00/vhpl29 1706278197
EN datapath NULL /nas/ei/home/ge34gak/VHDL/VHDL-Lab-Code-main/rcs2plus/datapath.vhd sub00/vhpl10 1706278178
EN addop NULL /nas/ei/home/ge34gak/VHDL/VHDL-Lab-Code-main/rcs2plus/addop.vhd sub00/vhpl08 1706278176
AR roundcounter behavioral /nas/ei/home/ge34gak/VHDL/VHDL-Lab-Code-main/rcs2plus/roundcounter.vhd sub00/vhpl21 1706278189
EN mux2x1 NULL /nas/ei/home/ge34gak/VHDL/VHDL-Lab-Code-main/rcs2plus/mux2x1.vhd sub00/vhpl14 1706278182
AR mux2x1 behavioral /nas/ei/home/ge34gak/VHDL/VHDL-Lab-Code-main/rcs2plus/mux2x1.vhd sub00/vhpl15 1706278183
EN idea_com NULL /nas/ei/home/ge34gak/VHDL/VHDL-Lab-Code-main/rcs2plus/idea_com.vhd sub00/vhpl34 1706278202
EN register16 NULL /nas/ei/home/ge34gak/VHDL/VHDL-Lab-Code-main/rcs2plus/register16.vhd sub00/vhpl04 1706278172
EN idea_rcs2 NULL /nas/ei/home/ge34gak/VHDL/VHDL-Lab-Code-main/rcs2plus/idea_rcs2.vhd sub00/vhpl28 1706278196
AR uart behavior /nas/ei/home/ge34gak/VHDL/VHDL-Lab-Code-main/rcs2plus/uart.vhd sub00/vhpl27 1706278195
AR rxcver behavior /nas/ei/home/ge34gak/VHDL/VHDL-Lab-Code-main/rcs2plus/rxcver.vhd sub00/vhpl25 1706278193
AR register16 behavioral /nas/ei/home/ge34gak/VHDL/VHDL-Lab-Code-main/rcs2plus/register16.vhd sub00/vhpl05 1706278173
AR txmit behavior /nas/ei/home/ge34gak/VHDL/VHDL-Lab-Code-main/rcs2plus/txmit.vhd sub00/vhpl23 1706278191
EN mux4x1 NULL /nas/ei/home/ge34gak/VHDL/VHDL-Lab-Code-main/rcs2plus/mux4x1.vhd sub00/vhpl00 1706278168
AR mux4x1 behavioral /nas/ei/home/ge34gak/VHDL/VHDL-Lab-Code-main/rcs2plus/mux4x1.vhd sub00/vhpl01 1706278169
AR idea_com behavioral /nas/ei/home/ge34gak/VHDL/VHDL-Lab-Code-main/rcs2plus/idea_com.vhd sub00/vhpl35 1706278203
EN xorop NULL /nas/ei/home/ge34gak/VHDL/VHDL-Lab-Code-main/rcs2plus/xorop.vhd sub00/vhpl06 1706278174
EN control NULL /nas/ei/home/ge34gak/VHDL/VHDL-Lab-Code-main/rcs2plus/control.vhd sub00/vhpl12 1706278180
AR mulop behavioral /nas/ei/home/ge34gak/VHDL/VHDL-Lab-Code-main/rcs2plus/mulop.vhd sub00/vhpl03 1706278171
EN txmit NULL /nas/ei/home/ge34gak/VHDL/VHDL-Lab-Code-main/rcs2plus/txmit.vhd sub00/vhpl22 1706278190
AR control behavioral /nas/ei/home/ge34gak/VHDL/VHDL-Lab-Code-main/rcs2plus/control.vhd sub00/vhpl13 1706278181
AR datapath behavioral /nas/ei/home/ge34gak/VHDL/VHDL-Lab-Code-main/rcs2plus/datapath.vhd sub00/vhpl11 1706278179
EN uart NULL /nas/ei/home/ge34gak/VHDL/VHDL-Lab-Code-main/rcs2plus/uart.vhd sub00/vhpl26 1706278194
EN clockedround NULL /nas/ei/home/ge34gak/VHDL/VHDL-Lab-Code-main/rcs2plus/clockedround.vhd sub00/vhpl18 1706278186
EN clk_div NULL /nas/ei/home/ge34gak/VHDL/VHDL-Lab-Code-main/rcs2plus/clk_div.vhd sub00/vhpl30 1706278198
AR xorop behavioral /nas/ei/home/ge34gak/VHDL/VHDL-Lab-Code-main/rcs2plus/xorop.vhd sub00/vhpl07 1706278175
AR clockedround structural /nas/ei/home/ge34gak/VHDL/VHDL-Lab-Code-main/rcs2plus/clockedround.vhd sub00/vhpl19 1706278187
EN keygenerator NULL /nas/ei/home/ge34gak/VHDL/VHDL-Lab-Code-main/rcs2plus/keygenerator.vhd sub00/vhpl16 1706278184
EN idea_com_inner NULL /nas/ei/home/ge34gak/VHDL/VHDL-Lab-Code-main/rcs2plus/idea_com_inner.vhd sub00/vhpl32 1706278200
