V3 71
FL /nas/ei/home/ge34gak/VHDL/VHDL-Lab-Code-main/rcs2plus/addop.vhd 2024/01/25.13:18:20 P.20131013
EN work/addop 1706278176 \
      FL /nas/ei/home/ge34gak/VHDL/VHDL-Lab-Code-main/rcs2plus/addop.vhd \
      PB ieee/std_logic_1164 1381692176 PB ieee/std_logic_arith 1381692177 \
      PB ieee/STD_LOGIC_UNSIGNED 1381692179 PB ieee/NUMERIC_STD 1381692181
AR work/addop/Behavioral 1706278177 \
      FL /nas/ei/home/ge34gak/VHDL/VHDL-Lab-Code-main/rcs2plus/addop.vhd \
      EN work/addop 1706278176
FL /nas/ei/home/ge34gak/VHDL/VHDL-Lab-Code-main/rcs2plus/clk_div.vhd 2024/01/25.13:18:20 P.20131013
EN work/clk_div 1706278198 \
      FL /nas/ei/home/ge34gak/VHDL/VHDL-Lab-Code-main/rcs2plus/clk_div.vhd \
      PB ieee/std_logic_1164 1381692176 PB ieee/std_logic_arith 1381692177 \
      PB ieee/STD_LOGIC_UNSIGNED 1381692179
AR work/clk_div/Behavioral 1706278199 \
      FL /nas/ei/home/ge34gak/VHDL/VHDL-Lab-Code-main/rcs2plus/clk_div.vhd \
      EN work/clk_div 1706278198
FL /nas/ei/home/ge34gak/VHDL/VHDL-Lab-Code-main/rcs2plus/clockedround.vhd 2024/01/25.13:18:20 P.20131013
EN work/clockedround 1706278186 \
      FL /nas/ei/home/ge34gak/VHDL/VHDL-Lab-Code-main/rcs2plus/clockedround.vhd \
      PB ieee/std_logic_1164 1381692176
AR work/clockedround/Structural 1706278187 \
      FL /nas/ei/home/ge34gak/VHDL/VHDL-Lab-Code-main/rcs2plus/clockedround.vhd \
      EN work/clockedround 1706278186 CP datapath CP control
FL /nas/ei/home/ge34gak/VHDL/VHDL-Lab-Code-main/rcs2plus/control.vhd 2024/01/26.15:09:22 P.20131013
EN work/control 1706278180 \
      FL /nas/ei/home/ge34gak/VHDL/VHDL-Lab-Code-main/rcs2plus/control.vhd \
      PB ieee/std_logic_1164 1381692176 PB ieee/STD_LOGIC_UNSIGNED 1381692179
AR work/control/Behavioral 1706278181 \
      FL /nas/ei/home/ge34gak/VHDL/VHDL-Lab-Code-main/rcs2plus/control.vhd \
      EN work/control 1706278180
FL /nas/ei/home/ge34gak/VHDL/VHDL-Lab-Code-main/rcs2plus/datapath.vhd 2024/01/26.13:21:32 P.20131013
EN work/datapath 1706278178 \
      FL /nas/ei/home/ge34gak/VHDL/VHDL-Lab-Code-main/rcs2plus/datapath.vhd \
      PB ieee/std_logic_1164 1381692176
AR work/datapath/Behavioral 1706278179 \
      FL /nas/ei/home/ge34gak/VHDL/VHDL-Lab-Code-main/rcs2plus/datapath.vhd \
      EN work/datapath 1706278178 CP mux4x1 CP mulop CP register16 CP xorop CP addop
FL /nas/ei/home/ge34gak/VHDL/VHDL-Lab-Code-main/rcs2plus/idea_com.vhd 2024/01/25.13:18:20 P.20131013
EN work/idea_com 1706278202 \
      FL /nas/ei/home/ge34gak/VHDL/VHDL-Lab-Code-main/rcs2plus/idea_com.vhd \
      PB ieee/std_logic_1164 1381692176 PB ieee/std_logic_arith 1381692177 \
      PB ieee/STD_LOGIC_UNSIGNED 1381692179
AR work/idea_com/Behavioral 1706278203 \
      FL /nas/ei/home/ge34gak/VHDL/VHDL-Lab-Code-main/rcs2plus/idea_com.vhd \
      EN work/idea_com 1706278202 CP clk_div CP idea_com_inner
FL /nas/ei/home/ge34gak/VHDL/VHDL-Lab-Code-main/rcs2plus/idea_com_inner.vhd 2024/01/25.13:18:20 P.20131013
EN work/idea_com_inner 1706278200 \
      FL /nas/ei/home/ge34gak/VHDL/VHDL-Lab-Code-main/rcs2plus/idea_com_inner.vhd \
      PB ieee/std_logic_1164 1381692176 PB ieee/std_logic_arith 1381692177 \
      PB ieee/STD_LOGIC_UNSIGNED 1381692179
AR work/idea_com_inner/Behavioral 1706278201 \
      FL /nas/ei/home/ge34gak/VHDL/VHDL-Lab-Code-main/rcs2plus/idea_com_inner.vhd \
      EN work/idea_com_inner 1706278200 CP uart CP idea_rcs2 CP mux2x1
FL /nas/ei/home/ge34gak/VHDL/VHDL-Lab-Code-main/rcs2plus/idea_rcs2.vhd 2024/01/25.13:18:20 P.20131013
EN work/idea_rcs2 1706278196 \
      FL /nas/ei/home/ge34gak/VHDL/VHDL-Lab-Code-main/rcs2plus/idea_rcs2.vhd \
      PB ieee/std_logic_1164 1381692176
AR work/idea_rcs2/Structural 1706278197 \
      FL /nas/ei/home/ge34gak/VHDL/VHDL-Lab-Code-main/rcs2plus/idea_rcs2.vhd \
      EN work/idea_rcs2 1706278196 CP mux2x1 CP register16 CP keygenerator \
      CP clockedround CP roundcounter
FL /nas/ei/home/ge34gak/VHDL/VHDL-Lab-Code-main/rcs2plus/keygenerator.vhd 2024/01/25.13:18:20 P.20131013
EN work/keygenerator 1706278184 \
      FL /nas/ei/home/ge34gak/VHDL/VHDL-Lab-Code-main/rcs2plus/keygenerator.vhd \
      PB ieee/std_logic_1164 1381692176
AR work/keygenerator/Behavioral 1706278185 \
      FL /nas/ei/home/ge34gak/VHDL/VHDL-Lab-Code-main/rcs2plus/keygenerator.vhd \
      EN work/keygenerator 1706278184
FL /nas/ei/home/ge34gak/VHDL/VHDL-Lab-Code-main/rcs2plus/mulop.vhd 2024/01/25.13:18:20 P.20131013
EN work/mulop 1706278170 \
      FL /nas/ei/home/ge34gak/VHDL/VHDL-Lab-Code-main/rcs2plus/mulop.vhd \
      PB ieee/std_logic_1164 1381692176 PB ieee/STD_LOGIC_UNSIGNED 1381692179
AR work/mulop/Behavioral 1706278171 \
      FL /nas/ei/home/ge34gak/VHDL/VHDL-Lab-Code-main/rcs2plus/mulop.vhd \
      EN work/mulop 1706278170
FL /nas/ei/home/ge34gak/VHDL/VHDL-Lab-Code-main/rcs2plus/mux2x1.vhd 2024/01/25.13:18:20 P.20131013
EN work/mux2x1 1706278182 \
      FL /nas/ei/home/ge34gak/VHDL/VHDL-Lab-Code-main/rcs2plus/mux2x1.vhd \
      PB ieee/std_logic_1164 1381692176
AR work/mux2x1/Behavioral 1706278183 \
      FL /nas/ei/home/ge34gak/VHDL/VHDL-Lab-Code-main/rcs2plus/mux2x1.vhd \
      EN work/mux2x1 1706278182
FL /nas/ei/home/ge34gak/VHDL/VHDL-Lab-Code-main/rcs2plus/mux4x1.vhd 2024/01/25.13:18:20 P.20131013
EN work/mux4x1 1706278168 \
      FL /nas/ei/home/ge34gak/VHDL/VHDL-Lab-Code-main/rcs2plus/mux4x1.vhd \
      PB ieee/std_logic_1164 1381692176
AR work/mux4x1/Behavioral 1706278169 \
      FL /nas/ei/home/ge34gak/VHDL/VHDL-Lab-Code-main/rcs2plus/mux4x1.vhd \
      EN work/mux4x1 1706278168
FL /nas/ei/home/ge34gak/VHDL/VHDL-Lab-Code-main/rcs2plus/register16.vhd 2024/01/25.13:18:20 P.20131013
EN work/register16 1706278172 \
      FL /nas/ei/home/ge34gak/VHDL/VHDL-Lab-Code-main/rcs2plus/register16.vhd \
      PB ieee/std_logic_1164 1381692176
AR work/register16/Behavioral 1706278173 \
      FL /nas/ei/home/ge34gak/VHDL/VHDL-Lab-Code-main/rcs2plus/register16.vhd \
      EN work/register16 1706278172
FL /nas/ei/home/ge34gak/VHDL/VHDL-Lab-Code-main/rcs2plus/roundcounter.vhd 2024/01/26.14:26:48 P.20131013
EN work/roundcounter 1706278188 \
      FL /nas/ei/home/ge34gak/VHDL/VHDL-Lab-Code-main/rcs2plus/roundcounter.vhd \
      PB ieee/std_logic_1164 1381692176 PB ieee/STD_LOGIC_UNSIGNED 1381692179
AR work/roundcounter/Behavioral 1706278189 \
      FL /nas/ei/home/ge34gak/VHDL/VHDL-Lab-Code-main/rcs2plus/roundcounter.vhd \
      EN work/roundcounter 1706278188
FL /nas/ei/home/ge34gak/VHDL/VHDL-Lab-Code-main/rcs2plus/rxcver.vhd 2024/01/25.13:18:20 P.20131013
EN work/rxcver 1706278192 \
      FL /nas/ei/home/ge34gak/VHDL/VHDL-Lab-Code-main/rcs2plus/rxcver.vhd \
      PB ieee/std_logic_1164 1381692176 PB ieee/std_logic_arith 1381692177 \
      PB ieee/std_logic_misc 1381692178 PB ieee/STD_LOGIC_UNSIGNED 1381692179
AR work/rxcver/behavior 1706278193 \
      FL /nas/ei/home/ge34gak/VHDL/VHDL-Lab-Code-main/rcs2plus/rxcver.vhd \
      EN work/rxcver 1706278192
FL /nas/ei/home/ge34gak/VHDL/VHDL-Lab-Code-main/rcs2plus/txmit.vhd 2024/01/25.13:18:20 P.20131013
EN work/txmit 1706278190 \
      FL /nas/ei/home/ge34gak/VHDL/VHDL-Lab-Code-main/rcs2plus/txmit.vhd \
      PB ieee/std_logic_1164 1381692176 PB ieee/std_logic_arith 1381692177 \
      PB ieee/std_logic_misc 1381692178 PB ieee/STD_LOGIC_UNSIGNED 1381692179
AR work/txmit/behavior 1706278191 \
      FL /nas/ei/home/ge34gak/VHDL/VHDL-Lab-Code-main/rcs2plus/txmit.vhd \
      EN work/txmit 1706278190
FL /nas/ei/home/ge34gak/VHDL/VHDL-Lab-Code-main/rcs2plus/uart.vhd 2024/01/25.13:18:20 P.20131013
EN work/uart 1706278194 \
      FL /nas/ei/home/ge34gak/VHDL/VHDL-Lab-Code-main/rcs2plus/uart.vhd \
      PB ieee/std_logic_1164 1381692176 PB ieee/std_logic_arith 1381692177 \
      PB ieee/std_logic_misc 1381692178 PB ieee/STD_LOGIC_UNSIGNED 1381692179
AR work/uart/behavior 1706278195 \
      FL /nas/ei/home/ge34gak/VHDL/VHDL-Lab-Code-main/rcs2plus/uart.vhd \
      EN work/uart 1706278194 CP txmit CP rxcver
FL /nas/ei/home/ge34gak/VHDL/VHDL-Lab-Code-main/rcs2plus/xorop.vhd 2024/01/25.13:18:20 P.20131013
EN work/xorop 1706278174 \
      FL /nas/ei/home/ge34gak/VHDL/VHDL-Lab-Code-main/rcs2plus/xorop.vhd \
      PB ieee/std_logic_1164 1381692176
AR work/xorop/Behavioral 1706278175 \
      FL /nas/ei/home/ge34gak/VHDL/VHDL-Lab-Code-main/rcs2plus/xorop.vhd \
      EN work/xorop 1706278174
