V3 24
FL /home/ise/Xilinx/submission_template/submit/direct/xorop.vhd 2023/11/15.14:28:21 P.20131013
FL /nas/lrz/home/ge34gak/direct/addop.vhd 2023/11/15.16:42:20 P.20131013
EN work/addop 1700750522 FL /nas/lrz/home/ge34gak/direct/addop.vhd \
      PB ieee/std_logic_1164 1381692176 PB ieee/std_logic_arith 1381692177 \
      PB ieee/STD_LOGIC_UNSIGNED 1381692179 PB ieee/NUMERIC_STD 1381692181
AR work/addop/Behavioral 1700750523 \
      FL /nas/lrz/home/ge34gak/direct/addop.vhd EN work/addop 1700750522
FL /nas/lrz/home/ge34gak/direct/idea.vhd 2023/11/20.22:22:00 P.20131013
EN work/idea 0 FL /nas/lrz/home/ge34gak/direct/idea.vhd PB ieee/std_logic_1164 1381692176
AR work/idea/Structural 0 \
      FL /nas/lrz/home/ge34gak/direct/idea.vhd EN work/idea 0 CP round CP trafo
FL /nas/lrz/home/ge34gak/direct/mulop.vhd 2023/11/23.16:06:30 P.20131013
EN work/mulop 1700752013 FL /nas/lrz/home/ge34gak/direct/mulop.vhd \
      PB ieee/std_logic_1164 1381692176 PB ieee/STD_LOGIC_UNSIGNED 1381692179
AR work/mulop/Behavioral 1700752014 \
      FL /nas/lrz/home/ge34gak/direct/mulop.vhd EN work/mulop 1700752013
FL /nas/lrz/home/ge34gak/direct/round.vhd 2023/11/23.12:12:03 P.20131013
EN work/round 0 FL /nas/lrz/home/ge34gak/direct/round.vhd PB ieee/std_logic_1164 1381692176
AR work/round/Behavioral 0 \
      FL /nas/lrz/home/ge34gak/direct/round.vhd EN work/round 0 CP mulop CP addop \
      CP xorop
FL /nas/lrz/home/ge34gak/direct/trafo.vhd 2023/11/23.12:17:00 P.20131013
EN work/trafo 1700750524 FL /nas/lrz/home/ge34gak/direct/trafo.vhd \
      PB ieee/std_logic_1164 1381692176
AR work/trafo/Behavioral 1700750525 \
      FL /nas/lrz/home/ge34gak/direct/trafo.vhd EN work/trafo 1700750524 CP mulop \
      CP addop
FL /nas/lrz/home/ge34gak/direct/xorop.vhd 2023/11/15.15:28:22 P.20131013
EN work/xorop 1700059274 FL /nas/lrz/home/ge34gak/direct/xorop.vhd \
      PB ieee/std_logic_1164 1381692176
AR work/xorop/Behavioral 1700059275 \
      FL /nas/lrz/home/ge34gak/direct/xorop.vhd EN work/xorop 1700059274
